..\.venv\Scripts\pyth
on.exe : Creating 
test database for 
alias 'default'...
At line:1 char:1
+ ..\.venv\Scripts\py
thon.exe manage.py 
test core > 
test_output.txt 2>& 
...
+ ~~~~~~~~~~~~~~~~~~~
~~~~~~~~~~~~~~~~~~~~~
~~~~~~~~~~~~~~~~~~~~~
~~~~~~~~
    + CategoryInfo   
           : NotSpe  
  cified: (Creatin   
 g test d...as 'd    
efault'...:Strin    
g) [], RemoteExc    
eption
    + FullyQualified 
   ErrorId : Native  
  CommandError
 

.....F.........
=====================
=====================
=====================
=======
FAIL: test_profile_cr
eation (core.tests.Mo
delTests.test_profile
_creation)
---------------------
---------------------
---------------------
-------
Traceback (most 
recent call last):
  File "D:\RAM\M7 dig
itals\instagram_co\in
sta\core\tests.py", 
line 16, in 
test_profile_creation
    self.assertTrue(c
reated)
    ~~~~~~~~~~~~~~~^^
^^^^^^^
AssertionError: 
False is not true

---------------------
---------------------
---------------------
-------
Ran 15 tests in 
21.659s

FAILED (failures=1)
Destroying test 
database for alias 
'default'...

Found 15 test(s).
System check identified no issues (0 silenced).
